// Jest Snapshot v1, https://goo.gl/fbAQLP

exports[`should render EditExpensePage 1`] = `
<div>
  <ExpenseModal
    contentLabel="Credit Card"
    handleClearRemove={[Function]}
    initiateRemove={false}
    onRemove={[Function]}
  />
  <div
    className="page-header"
  >
    <div
      className="content-container"
    >
      <h1
        className="page-header__title"
      >
        Edit Expense
      </h1>
    </div>
  </div>
  <div
    className="content-container"
  >
    <ExpenseForm
      expense={
        Object {
          "amount": 4500,
          "createdAt": 345600000,
          "description": "Credit Card",
          "id": "3",
          "note": "",
        }
      }
      onSubmit={[Function]}
    />
    <div
      className="button--flex-end"
    >
      <button
        className="button button--secondary"
        id="remove"
        onClick={[Function]}
      >
        Delete
      </button>
    </div>
  </div>
</div>
`;
